
R version 3.2.3 (2015-12-10) -- "Wooden Christmas-Tree"
Copyright (C) 2015 The R Foundation for Statistical Computing
Platform: x86_64-apple-darwin13.4.0 (64-bit)

R is free software and comes with ABSOLUTELY NO WARRANTY.
You are welcome to redistribute it under certain conditions.
Type 'license()' or 'licence()' for distribution details.

  Natural language support but running in an English locale

R is a collaborative project with many contributors.
Type 'contributors()' for more information and
'citation()' on how to cite R or R packages in publications.

Type 'demo()' for some demos, 'help()' for on-line help, or
'help.start()' for an HTML browser interface to help.
Type 'q()' to quit R.

[Previously saved workspace restored]

> pkgTest <- function(x)
+ {
+   if (!require(x,character.only = TRUE))
+   {
+     install.packages(x,dep=TRUE)
+     if(!require(x,character.only = TRUE)) stop("Package not found")
+   }
+ }
> 
> pkgTest("e1071")
Loading required package: e1071
> final <- read.csv("~/Desktop/final.csv")
> View(final)
> train<-final[1:1080,]
> test<-final[1081:1350,]
> library('e1071')
> #my.model <- svm(power_outage ~ ., 
> #                  data=train,
> #                  probability=TRUE)
> 
> #summary(my.model)
> #svm.pred <- predict(my.model, test[,-1])
> #svmt=table(pred = svm.pred, true = test[, 1])
> #svmt
> train$power_outage=as.factor(train$power_outage)
> #print(train)
> nf<-ncol(train)
> strfunc<-paste(names(train)[nf],"~.",sep="") # we assume the label to be in the last column
> func<- as.formula(strfunc) 
> print(func)
power_outage ~ .
> my.model<-svm(func,data=train,probability=TRUE)
> 
> print(my.model)

Call:
svm(formula = func, data = train, probability = TRUE)


Parameters:
   SVM-Type:  C-classification 
 SVM-Kernel:  radial 
       cost:  1 
      gamma:  0.06666667 

Number of Support Vectors:  148

> 
> #my.model<-svm(train[nf]~.,data=train,probability=TRUE)
> predsvm<-attr(predict(my.model,test[,-nf],probability = TRUE),'probabilities')[,'1']  
> print(predsvm)
        1081         1082         1083         1084         1085         1086 
6.456872e-03 4.234954e-03 5.453173e-06 1.518301e-05 6.265724e-02 2.806149e-03 
        1087         1088         1089         1090         1091         1092 
3.783540e-03 4.932229e-03 1.162050e-02 4.211522e-03 3.081321e-03 5.081763e-03 
        1093         1094         1095         1096         1097         1098 
4.692249e-03 4.724958e-03 4.664249e-03 2.642269e-03 4.008069e-03 7.591936e-07 
        1099         1100         1101         1102         1103         1104 
1.747824e-06 3.005733e-06 2.536311e-03 2.956428e-03 1.229265e-02 1.131698e-02 
        1105         1106         1107         1108         1109         1110 
9.717813e-02 1.145770e-02 3.850289e-02 1.417557e-02 1.328408e-05 1.697093e-02 
        1111         1112         1113         1114         1115         1116 
8.816012e-03 7.207703e-03 1.617153e-05 3.169156e-06 3.095001e-06 3.274632e-06 
        1117         1118         1119         1120         1121         1122 
3.316549e-02 6.151955e-08 4.486571e-07 5.430273e-07 8.104734e-07 4.717901e-06 
        1123         1124         1125         1126         1127         1128 
6.663886e-03 4.035243e-06 3.807676e-06 1.742985e-02 1.731821e-02 2.940225e-02 
        1129         1130         1131         1132         1133         1134 
1.493873e-02 8.790174e-01 1.738999e-02 4.571496e-06 2.483729e-07 2.788044e-02 
        1135         1136         1137         1138         1139         1140 
1.212220e-05 1.332241e-05 3.820099e-02 1.032651e-02 1.060183e-05 2.480561e-06 
        1141         1142         1143         1144         1145         1146 
3.142422e-03 6.781874e-03 8.887377e-08 5.821729e-07 9.973597e-03 7.369735e-07 
        1147         1148         1149         1150         1151         1152 
3.985307e-06 8.251464e-08 1.680037e-06 4.550063e-07 8.596020e-01 7.663448e-06 
        1153         1154         1155         1156         1157         1158 
3.952388e-03 3.448158e-03 1.272052e-02 3.359750e-06 5.574612e-03 9.965590e-07 
        1159         1160         1161         1162         1163         1164 
9.433390e-06 4.295199e-08 4.427817e-08 2.048767e-07 2.653647e-06 6.491496e-03 
        1165         1166         1167         1168         1169         1170 
6.719877e-07 4.427152e-06 7.218811e-06 2.313259e-06 1.058546e-06 1.817151e-05 
        1171         1172         1173         1174         1175         1176 
1.150393e-02 2.661104e-03 2.850210e-06 4.592385e-07 5.900825e-06 3.078553e-07 
        1177         1178         1179         1180         1181         1182 
1.590641e-07 5.187293e-06 2.846498e-03 1.893697e-07 3.422178e-02 2.856963e-03 
        1183         1184         1185         1186         1187         1188 
8.350880e-07 1.294992e-02 2.760232e-03 1.134629e-06 1.732278e-06 7.043543e-06 
        1189         1190         1191         1192         1193         1194 
5.430804e-07 1.733413e-06 1.322096e-07 3.048078e-03 1.809385e-05 3.818445e-02 
        1195         1196         1197         1198         1199         1200 
1.973347e-02 1.696437e-02 2.418437e-02 2.581118e-06 8.278979e-06 1.251020e-07 
        1201         1202         1203         1204         1205         1206 
2.591307e-03 1.273254e-02 1.210247e-02 1.727083e-05 5.954715e-01 4.108270e-03 
        1207         1208         1209         1210         1211         1212 
7.291208e-03 4.954241e-02 1.451574e-02 1.541125e-02 2.217683e-02 1.748497e-02 
        1213         1214         1215         1216         1217         1218 
4.993035e-02 6.275669e-02 3.222337e-02 9.980017e-03 5.420928e-02 5.987177e-02 
        1219         1220         1221         1222         1223         1224 
4.062994e-02 6.385651e-02 4.967344e-03 1.241918e-02 1.685220e-02 1.876486e-02 
        1225         1226         1227         1228         1229         1230 
4.725250e-03 1.555588e-05 6.871638e-06 1.809700e-02 6.998261e-06 9.966362e-06 
        1231         1232         1233         1234         1235         1236 
1.130352e-05 9.297738e-07 7.131334e-08 3.150107e-07 8.906495e-08 1.456422e-07 
        1237         1238         1239         1240         1241         1242 
1.281631e-02 1.809902e-06 5.811680e-06 4.183341e-03 9.175493e-01 6.410988e-07 
        1243         1244         1245         1246         1247         1248 
1.062691e-06 7.211950e-03 1.660827e-05 1.043484e-07 7.832643e-03 5.181382e-03 
        1249         1250         1251         1252         1253         1254 
2.285208e-02 1.439419e-05 4.109954e-03 2.016182e-06 3.268028e-03 2.314496e-06 
        1255         1256         1257         1258         1259         1260 
5.646935e-06 2.061937e-06 9.088426e-06 1.958436e-02 3.559432e-03 1.911059e-05 
        1261         1262         1263         1264         1265         1266 
1.050523e-02 4.373590e-03 2.596133e-03 8.613310e-06 7.023019e-01 7.699580e-07 
        1267         1268         1269         1270         1271         1272 
1.913923e-06 8.131535e-03 8.123086e-03 9.037974e-06 4.774190e-06 2.977601e-03 
        1273         1274         1275         1276         1277         1278 
3.953672e-06 3.024843e-02 4.726111e-06 5.361275e-06 4.095467e-03 6.538888e-06 
        1279         1280         1281         1282         1283         1284 
5.824609e-06 4.771750e-03 4.555534e-03 7.649137e-01 5.900082e-01 2.781966e-03 
        1285         1286         1287         1288         1289         1290 
1.433866e-06 5.830129e-06 7.124227e-06 9.566205e-07 1.538404e-06 8.774533e-07 
        1291         1292         1293         1294         1295         1296 
2.765730e-06 5.192032e-03 1.205824e-02 1.415609e-05 4.746522e-03 4.948464e-03 
        1297         1298         1299         1300         1301         1302 
9.214488e-06 2.560322e-08 4.684524e-03 4.139038e-07 5.419609e-07 8.911804e-07 
        1303         1304         1305         1306         1307         1308 
6.701755e-02 8.908054e-02 1.022317e-01 9.243092e-02 9.730182e-02 1.013660e-01 
        1309         1310         1311         1312         1313         1314 
8.616832e-02 8.091149e-02 7.722761e-02 1.038373e-01 1.213998e-01 1.259125e-01 
        1315         1316         1317         1318         1319         1320 
1.223424e-01 8.455504e-02 1.694203e-01 9.297033e-02 1.086825e-01 1.221329e-01 
        1321         1322         1323         1324         1325         1326 
7.995875e-02 7.127722e-02 8.625995e-02 7.314363e-02 4.772557e-02 4.370865e-02 
        1327         1328         1329         1330         1331         1332 
7.718820e-03 2.771030e-03 7.854153e-03 1.679413e-05 7.938892e-03 1.417678e-02 
        1333         1334         1335         1336         1337         1338 
3.034823e-03 1.628946e-05 3.565391e-03 7.915221e-02 2.706532e-02 3.019975e-02 
        1339         1340         1341         1342         1343         1344 
2.571805e-02 5.401849e-02 2.590663e-02 9.281631e-02 4.267831e-02 7.891114e-02 
        1345         1346         1347         1348         1349         1350 
1.026703e-01 9.829822e-02 1.041533e-01 1.096037e-01 9.500093e-02 8.117060e-02 
> myframe<-cbind(predsvm,test[,nf])
> myframe<-as.data.frame(myframe)
> View(myframe)
> 
> 
> 
> cutoff <- 0.5
> #Check the threshold
> for(i in 1:nrow(myframe))
+ {
+   if(myframe[i,1]>=cutoff)
+   {
+     myframe[i,1]<-1
+   }
+   else
+   {
+     myframe[i,1]<-0
+   }
+ }
> 
> View(myframe)
> 
> proc.time()
   user  system elapsed 
  0.442   0.081   3.874 
