
R version 3.2.3 (2015-12-10) -- "Wooden Christmas-Tree"
Copyright (C) 2015 The R Foundation for Statistical Computing
Platform: x86_64-apple-darwin13.4.0 (64-bit)

R is free software and comes with ABSOLUTELY NO WARRANTY.
You are welcome to redistribute it under certain conditions.
Type 'license()' or 'licence()' for distribution details.

  Natural language support but running in an English locale

R is a collaborative project with many contributors.
Type 'contributors()' for more information and
'citation()' on how to cite R or R packages in publications.

Type 'demo()' for some demos, 'help()' for on-line help, or
'help.start()' for an HTML browser interface to help.
Type 'q()' to quit R.

[Previously saved workspace restored]

> 
> pkgTest <- function(x)
+  {
+        if (!require(x,character.only = TRUE))
+        {
+            install.packages(x, repos="http://cran.cnr.berkeley.edu")
+              if(!require(x,character.only = TRUE)) stop("Package not found")
+            }
+      }
> pkgTest("randomForest")
Loading required package: randomForest
randomForest 4.6-12
Type rfNews() to see new features/changes/bug fixes.
> library(randomForest)
> 
> wd <- getwd()
> location <- "/RScripts/final.csv"
> testLocation <- "/RScripts/test.csv"
> final <- read.csv(paste(wd,location, sep= ""))
> predict<-read.csv(paste(wd,testLocation, sep= ""))
Warning message:
In read.table(file = file, header = header, sep = sep, quote = quote,  :
  incomplete final line found by readTableHeader on '/Users/rsangvhi/Documents/SmartCity/RScripts/test.csv'
> 
> do_cv_class<-function(df,num_folds,model_name)
+ {
+   nf<-ncol(df)
+   df<-na.omit(df)
+   df<-df[sample(nrow(df)),]  #sampling the data
+   n<-nrow(df)
+   x<-floor(n/num_folds)
+   my_data<-data.frame()
+   
+   for(i in 0:(num_folds-1))
+   {
+     begin<- ((x*i)+1)
+     
+     if(i==num_folds-1){
+       end<-nrow(df)
+     }
+     else{
+       end<-(x*(i+1))
+     }
+     index<-c(begin:end)
+     test<-df[index,]
+     train<-df[-index,]
+     my_output<-randomforest(train,test)
+     my_data<-rbind(my_data,my_output)
+     return(my_output)
+   } 
+ }
> 
> randomforest<-function(train,test)
+ {
+   nf <- ncol(train)
+   library(randomForest)
+   fit <- randomForest(power_outage ~ .,train,ntree=500)
+   predicted <- predict(fit,predict[,-nf])
+   return(predicted) 
+ }
> 
> #Making the actual prediction
> myResultFrame<-do_cv_class(final,5,randomforest)
Warning message:
In randomForest.default(m, y, ...) :
  The response has five or fewer unique values.  Are you sure you want to do regression?
> 
> #Rounding off the predicted values
> myPredictedFrame<- data.frame(myResultFrame)
> 
> cutofflow <- 0.2
> cutoffmid <- 0.4
> cutoffhigh <- 0.6
> 
> #Check the threshold
> for(i in 1:nrow(myPredictedFrame))
+ {
+   if(myPredictedFrame[i,1]<cutofflow)
+   {
+     myPredictedFrame[i,1]<-0.25
+   }
+   else if((myPredictedFrame[i,1]>=cutofflow) && (myPredictedFrame[i,1]<cutoffmid))
+   {
+     myPredictedFrame[i,1]<-0.50
+   }
+   else if((myPredictedFrame[i,1]>=cutoffmid) && (myPredictedFrame[i,1]<cutoffhigh))
+   {
+     myPredictedFrame[i,1]<-0.75
+     
+   }
+   else{
+     myPredictedFrame[i,1]<-1.00
+   }
+ }
> 
> #Writing actual values in the table
> write.table(myResultFrame, "~/Documents/SmartCity/RScripts/newOutput.txt",sep="\t",append=F,row.names=FALSE, col.names=FALSE)
> 
> #Writing the rounded off values in the table
> write.table(myPredictedFrame, "~/Documents/SmartCity/RScripts/newOutputRounded.txt",sep="\n",append=F,row.names=FALSE, col.names=FALSE)
> 
> 
> proc.time()
   user  system elapsed 
  1.205   0.053   1.248 
