
R version 3.1.3 (2015-03-09) -- "Smooth Sidewalk"
Copyright (C) 2015 The R Foundation for Statistical Computing
Platform: x86_64-apple-darwin10.8.0 (64-bit)

R is free software and comes with ABSOLUTELY NO WARRANTY.
You are welcome to redistribute it under certain conditions.
Type 'license()' or 'licence()' for distribution details.

  Natural language support but running in an English locale

R is a collaborative project with many contributors.
Type 'contributors()' for more information and
'citation()' on how to cite R or R packages in publications.

Type 'demo()' for some demos, 'help()' for on-line help, or
'help.start()' for an HTML browser interface to help.
Type 'q()' to quit R.

[Previously saved workspace restored]

> 
> pkgTest <- function(x)
+  {
+        if (!require(x,character.only = TRUE))
+        {
+            install.packages(x, repos="http://cran.cnr.berkeley.edu")
+              if(!require(x,character.only = TRUE)) stop("Package not found")
+            }
+      }
> pkgTest("randomForest")
Loading required package: randomForest
randomForest 4.6-10
Type rfNews() to see new features/changes/bug fixes.
> library(randomForest)
> 
> wd <- getwd()
> location <- "/RScripts/final.csv"
> testLocation <- "/RScripts/test.csv"
> #Read the data 
> 
> final <- read.csv(paste(wd,location, sep= ""))
> testresult<-read.csv(paste(wd,testLocation, sep= ""))
> 
> #I have to give final as training data and testresult as test data.
> #Is below the correct way of doing it
> fit <- randomForest(power_outage ~ .,final,ntree=500)
Warning message:
In randomForest.default(m, y, ...) :
  The response has five or fewer unique values.  Are you sure you want to do regression?
> nf<-ncol(final)
> nrow(testresult)
[1] 7
> myResultFrame <- predict(fit,testresult[,-nf])
> #predicted 
> myResultFrame <- data.frame(myResultFrame)
> #View(myResultFrame)
> myPredictedFrame<-as.data.frame(myResultFrame)
> 
> #I get results but not with good accuracy.
> #so does it use the trained model or is using simple random forest?
> 
> 
> cutofflow <- 0.1
> cutoffmod <- 0.2
> cutoffmid <- 0.4
> cutoffhigh <- 0.6
> 
> #Check the threshold
> for(i in 1:nrow(myPredictedFrame))
+ {
+   if(myPredictedFrame[i,1]<=cutofflow)
+   {
+     myPredictedFrame[i,1]<-0.125
+   }
+   else if((myPredictedFrame[i,1]>=cutofflow) && (myPredictedFrame[i,1]<cutoffmod))
+   {
+     myPredictedFrame[i,1]<-0.25
+   }
+   else if((myPredictedFrame[i,1]>=cutoffmod) && (myPredictedFrame[i,1]<cutoffmid))
+   {
+     myPredictedFrame[i,1]<-0.50
+   }
+   else if((myPredictedFrame[i,1]>=cutoffmid) && (myPredictedFrame[i,1]<cutoffhigh))
+   {
+     myPredictedFrame[i,1]<-0.75
+   }
+   else
+   {
+     myPredictedFrame[i,1]<-0.95
+   }
+ }
> 
> 
> #View(myPredictedFrame)
> 
> #Writing actual values in the table
> newOutput <-paste(wd,'/RScripts/newOutput.txt', sep= "")
> write.table(myResultFrame, newOutput,sep="\t",append=F,row.names=FALSE, col.names=FALSE)
> 
> #Writing the rounded off values in the table
> newOutputRounded<-paste(wd,'/RScripts/newOutputRounded.txt', sep= "")
> write.table(myPredictedFrame, newOutputRounded, sep="\n",append=F,row.names=FALSE, col.names=FALSE)
> 
> #RandomForestResult <- get_metrics(myResultFrame)
> 
> #RandomForestResult
> 
> 
> 
> 
> 
> proc.time()
   user  system elapsed 
  2.125   0.092   2.292 
